     1                                  [org 100h]
     2                                  
     3 00000000 EB00                    jmp start
     4                                  
     5                                  start:
     6                                  cls:
     7 00000002 B800B8                  mov ax,0xb800
     8 00000005 8EC0                    mov es,ax
     9 00000007 BF0000                  mov di,0
    10 0000000A B82077                  mov ax,0x7720
    11 0000000D B9D007                  mov cx,2000
    12 00000010 FC                      cld
    13 00000011 F3AB                    rep stosw
    14                                  
    15                                  ;1st LINE
    16 00000013 B84174                  mov ax,0x7441
    17 00000016 B95000                  mov cx,80
    18 00000019 BF0000                  mov di,0
    19 0000001C FC                      cld
    20 0000001D F3AB                    rep stosw
    21                                  
    22                                  
    23 0000001F B91800                  mov cx,24
    24 00000022 B84174                  mov ax,0x7441
    25 00000025 BFA000                  mov di,160
    26 00000028 FC                      cld
    27                                  loop1:
    28 00000029 AB                      stosw
    29 0000002A 81C79E00                add di,158
    30 0000002E E2F9                    loop loop1
    31                                  
    32                                  
    33 00000030 B91800                  mov cx, 24      
    34 00000033 BF3E01                  mov di, 318     
    35 00000036 B84174                  mov ax, 0x7441  
    36 00000039 FC                      cld
    37                                  
    38                                  store_loop:
    39 0000003A AB                          stosw                  ; Store `AX` at `ES:DI` and increment `DI` by 2
    40 0000003B 81C79E00                    add di, 158            ; Adjust `DI` to effectively increment by 160
    41 0000003F E2F9                        loop store_loop        ; Repeat until CX = 0
    42                                  
    43                                  ;last LINE
    44 00000041 B84174                  mov ax,0x7441
    45 00000044 B95000                  mov cx,80
    46 00000047 BF000F                  mov di,3840
    47 0000004A FC                      cld
    48 0000004B F3AB                    rep stosw
    49                                  
    50                                  ;2nd LINE
    51 0000004D B842F1                  mov ax,0xF142
    52 00000050 B94E00                  mov cx,78
    53 00000053 BFA200                  mov di,162
    54 00000056 FC                      cld
    55 00000057 F3AB                    rep stosw
    56                                  
    57 00000059 BF4201                  mov di,322
    58 0000005C B91600                  mov cx,22
    59 0000005F FC                      cld
    60                                  loop2:
    61 00000060 AB                      stosw
    62 00000061 81C79E00                add di,158
    63 00000065 E2F9                    loop loop2
    64                                  
    65 00000067 BFDC01                  mov di,476
    66 0000006A B91600                  mov cx,22
    67 0000006D FC                      cld
    68                                  loop3:
    69 0000006E AB                      stosw
    70 0000006F 81C79E00                add di,158
    71 00000073 E2F9                    loop loop3
    72                                  
    73                                  ;end B LINE
    74 00000075 BF620E                  mov di,3682
    75 00000078 B94E00                  mov cx,78
    76 0000007B FC                      cld 
    77 0000007C F3AB                    rep stosw
    78                                  
    79                                  ;end
    80 0000007E B84C00                  mov ax,4ch
    81 00000081 CD21                    int 21h
