     1                                  [org 100h]
     2                                  
     3 00000000 BE0000                  mov si,0 
     4 00000003 BF0000                  mov di,0 
     5                                  
     6                                  start:
     7 00000006 A0[6100]                mov al,[mainIndex] 
     8 00000009 39F8                    cmp ax,di
     9 0000000B 7437                    je startEnded
    10                                  
    11 0000000D A0[6200]                mov al,[subIndex] 
    12 00000010 39F0                    cmp ax,si
    13 00000012 7430                    je startEnded
    14                                  
    15                                  
    16 00000014 8A84[5D00]              mov al,[subArray + si]
    17 00000018 3A85[5700]              cmp al,[mainArray + di]
    18 0000001C 740B                    je Matched 
    19                                  
    20 0000001E BE0000                  mov si,0 
    21 00000021 47                      inc di
    22 00000022 C606[6300]FF            mov byte [foundIndex],-1
    23 00000027 EBDD                    jmp start
    24                                  
    25                                  Matched:
    26 00000029 83FE00                  cmp si,0  
    27 0000002C 7404                    je indexEqual
    28 0000002E 47                      inc di 
    29 0000002F 46                      inc si
    30 00000030 EBD4                    jmp start
    31                                  
    32                                  indexEqual:
    33 00000032 8A85[5700]              mov al,[mainArray+di]
    34 00000036 A2[6300]                mov [foundIndex],al
    35 00000039 47                      inc di
    36 0000003A 46                      inc si
    37 0000003B EBC9                    jmp start
    38                                  
    39                                  
    40                                  noSubArray:
    41 0000003D C606[6300]FF            mov byte [foundIndex],-1
    42 00000042 EB0D                    jmp termination
    43                                  
    44                                  startEnded:
    45 00000044 A0[6200]                mov al,[subIndex]
    46 00000047 39F0                    cmp ax,si
    47 00000049 75F2                    jne noSubArray
    48 0000004B 8B16[6300]              mov dx,[foundIndex]
    49 0000004F EB00                    jmp termination
    50                                  
    51                                  termination:
    52 00000051 B84C00                  mov ax,4ch
    53 00000054 CD21                    int 21h
    54 00000056 C3                      ret
    55                                  
    56 00000057 FD0102050608            mainArray: db -3,1,2,5,6,8 
    57 0000005D FD010205                subArray:db -3,1,2,5
    58 00000061 05                      mainIndex: db 5 
    59 00000062 03                      subIndex: db 3
    60 00000063 FFFF                    foundIndex:dw -1 
