     1                                  [org 0x100]
     2 00000000 EB04                    jmp start
     3 00000002 F4                      multiplicand :db -12
     4 00000003 01                      multiplier :db 1
     5 00000004 0000                    result :dw 0
     6                                  
     7                                  start:
     8 00000006 BB0000                  mov bx,0
     9 00000009 B108                    mov cl,8
    10 0000000B A0[0200]                mov al,[multiplicand]
    11 0000000E 8A16[0300]              mov dl,[multiplier]
    12 00000012 84C0                    test al,al
    13 00000014 7905                    jns below
    14 00000016 F6D8                    neg al
    15 00000018 83C301                  add bx,1
    16                                  
    17                                  below:
    18 0000001B 84D2                    test dl,dl
    19 0000001D 7905                    jns checkbit
    20 0000001F F6DA                    neg dl
    21 00000021 83C301                  add bx,1
    22                                  
    23                                  checkbit:
    24 00000024 D0EA                    shr dl,1
    25 00000026 7304                    jnc skip
    26 00000028 0006[0400]              add [result],al
    27                                  
    28                                  skip:
    29 0000002C D1E0                    shl ax,1
    30 0000002E FEC9                    dec cl
    31 00000030 75F2                    jnz checkbit
    32                                  
    33                                  ;if bx 0 or bx 2 then result should positive
    34 00000032 83FB02                  cmp bx,2
    35 00000035 7509                    jne end
    36                                  
    37 00000037 83FB00                  cmp bx,0
    38 0000003A 7504                    jne end
    39                                  
    40 0000003C F71E[0400]              neg word[result]
    41                                  
    42                                  end:
    43 00000040 B8004C                  mov ax,0x4c00
    44 00000043 CD21                    int 0x21
    45                                  
