     1                                  [org 0x100]
     2 00000000 EB2A                    jmp start
     3                                  
     4                                  scrollUp:
     5 00000002 55                      push bp
     6 00000003 89E5                    mov bp,sp
     7 00000005 B85000                  mov ax, 80
     8 00000008 F66604                  mul byte [bp+4]
     9 0000000B 89C6                    mov si,ax
    10 0000000D 56                      push si
    11 0000000E D1E6                    shl si, 1
    12 00000010 B9D007                  mov cx, 2000
    13 00000013 29C1                    sub cx, ax
    14 00000015 B800B8                  mov ax, 0xB800
    15 00000018 8EC0                    mov es, ax
    16 0000001A 8ED8                    mov ds,ax
    17 0000001C BF0000                  mov di,0
    18 0000001F FC                      cld
    19 00000020 F3A5                    rep movsw
    20 00000022 B82007                  mov ax, 0x720
    21 00000025 59                      pop cx
    22 00000026 F3AB                    rep stosw
    23 00000028 5D                      pop bp
    24 00000029 C20200                  ret 2
    25                                  
    26                                  
    27                                  
    28                                  
    29                                  start:
    30 0000002C B80500                  mov ax, 5 ;number of lines to scroll
    31 0000002F 50                      push ax
    32 00000030 E8CFFF                  call scrollUp
    33 00000033 B8004C                  mov ax, 0x4C00
    34 00000036 CD21                    int 21h
