     1                                  [org 0x100]
     2 00000000 E99200                  jmp start
     3 00000003 0800                    height: dw 8
     4 00000005 0800                    base: dw 8
     5 00000007 0000                    Xpos: dw 0
     6 00000009 0000                    Ypos: dw 0
     7                                  
     8                                  clearScreen:
     9 0000000B 56                      push si
    10 0000000C BE0000                  mov si,0
    11                                  nextchar:
    12 0000000F 26C7042007              mov word[es:si],0x0720
    13 00000014 83C602                  add si,2
    14 00000017 81FEA00F                cmp si,4000
    15 0000001B 7CF2                    jl nextchar
    16 0000001D 5E                      pop si
    17 0000001E C3                      ret
    18                                  
    19                                  delay:
    20 0000001F 51                      push cx
    21 00000020 B90F00                  mov cx, 0X000F ; change the values to increase delay time
    22                                  delay_loop1:
    23 00000023 51                      push cx
    24 00000024 B9FFFF                  mov cx, 0xFFFF
    25                                  delay_loop2:
    26 00000027 E2FE                    loop delay_loop2
    27 00000029 59                      pop cx
    28 0000002A E2F7                    loop delay_loop1
    29 0000002C 59                      pop cx
    30 0000002D C3                      ret
    31                                  ;===============================================
    32                                  ;===================D D========================
    33                                  ;===============================================
    34                                  GetScrPos:
    35 0000002E 50                      push ax
    36 0000002F 53                      push bx
    37                                  
    38 00000030 B80000                  mov ax,0x0000
    39 00000033 BB0000                  mov bx,0x0000
    40                                  
    41 00000036 A0[0900]                mov al,[Ypos] ; getting y position
    42 00000039 B350                    mov bl,80
    43 0000003B F6E3                    mul bl
    44 0000003D 8A1E[0700]              mov bl,[Xpos] ; getting x position
    45                                  
    46 00000041 01D8                    add ax,bx
    47 00000043 D1E0                    shl ax,1
    48 00000045 89C6                    mov si,ax
    49 00000047 5B                      pop bx
    50 00000048 58                      pop ax
    51 00000049 C3                      ret 
    52                                  
    53                                  PrintTriangle:
    54 0000004A 52                      PUSH dx
    55 0000004B BB0000                  mov bx,0
    56 0000004E E8DDFF                  call GetScrPos
    57                                  
    58                                  print:
    59 00000051 E8CBFF                  call delay
    60 00000054 E8D7FF                  call GetScrPos
    61 00000057 26C7042A02              mov word[es:si],0x022A
    62 0000005C 26C7072A02              mov word[es:bx],0x022A
    63 00000061 8306[0700]01            add word[Xpos],1
    64 00000066 8306[0900]01            add word[Ypos],1
    65 0000006B E8C0FF                  call GetScrPos
    66 0000006E 81C3A000                add bx,160
    67 00000072 8B16[0900]              mov dx,[Ypos]
    68 00000076 3B16[0300]              cmp dx,[height]
    69 0000007A 7CD5                    jl print
    70                                  
    71                                  baseprint:
    72 0000007C E8A0FF                  call delay
    73 0000007F 26C7072A02              mov word[es:bx],0x022A
    74 00000084 26C7042A02              mov word[es:si],0x022A
    75 00000089 83EE02                  sub si,2
    76 0000008C 83C302                  add bx,2
    77 0000008F 39F3                    cmp bx,si
    78 00000091 7EE9                    jng baseprint
    79                                  
    80 00000093 5A                      pop dx
    81 00000094 C3                      ret
    82                                  
    83                                  start:
    84 00000095 B800B8                  mov ax,0xb800
    85 00000098 8EC0                    mov es,ax
    86                                  ;call clearScreen
    87 0000009A E8ADFF                  call PrintTriangle
    88                                  
    89                                  
    90 0000009D B8004C                  End:mov ax,0x4c00
    91 000000A0 CD21                    int 0x21
